// Jest Snapshot v1, https://goo.gl/fbAQLP

exports[`Snapshot test 1`] = `
<a
  className="card-info"
  href="/details/undefined"
  onClick={[Function]}
>
  <div
    className="card-info-image"
  >
    <img
      src="https://static8.depositphotos.com/1009634/988/v/600/depositphotos_9883921-stock-illustration-no-user-profile-picture.jpg"
    />
  </div>
  <div
    className="card-info-more"
  >
    <h2
      className="card-info-more-title"
    />
  </div>
</a>
`;
