// Jest Snapshot v1, https://goo.gl/fbAQLP

exports[`Snapshot test 1`] = `
<div
  className="card-details"
  style={
    {
      "backgroundImage": "linear-gradient( rgba(0, 0, 0, 0.9), rgba(0, 0, 0, 0.9)), url(https://www.themoviedb.org/t/p/w220_and_h330_face/undefined)",
    }
  }
>
  <div
    className="card-details-image"
  >
    <img
      src="https://www.themoviedb.org/t/p/w220_and_h330_face/undefined"
    />
  </div>
  <div
    className="card-details-info"
  >
    <div
      className="card-details-title"
    >
      <h2 />
    </div>
    <div
      className="card-details-overview"
    >
      <p />
    </div>
  </div>
</div>
`;
